###############################################################################
#
# IAR ELF Linker V3.10.1.201 for STM8                     21/May/2019  17:42:25
# Copyright 2010-2017 IAR Systems AB.
#
#    Output file  =  C:\工作\地磁\STM8L051F3_DICI\Debug\Exe\STM8L051F3.out
#    Map file     =  C:\工作\地磁\STM8L051F3_DICI\Debug\List\STM8L051F3.map
#    Command line =  
#        -f C:\Users\Lenovo\AppData\Local\Temp\EW8E7D.tmp
#        (C:\工作\地磁\STM8L051F3_DICI\Debug\Obj\delay.o
#        C:\工作\地磁\STM8L051F3_DICI\Debug\Obj\dici.o
#        C:\工作\地磁\STM8L051F3_DICI\Debug\Obj\main.o
#        C:\工作\地磁\STM8L051F3_DICI\Debug\Obj\nb_iot.o
#        C:\工作\地磁\STM8L051F3_DICI\Debug\Obj\stm8l15x_clk.o
#        C:\工作\地磁\STM8L051F3_DICI\Debug\Obj\stm8l15x_exti.o
#        C:\工作\地磁\STM8L051F3_DICI\Debug\Obj\stm8l15x_gpio.o
#        C:\工作\地磁\STM8L051F3_DICI\Debug\Obj\stm8l15x_it.o
#        C:\工作\地磁\STM8L051F3_DICI\Debug\Obj\stm8l15x_syscfg.o
#        C:\工作\地磁\STM8L051F3_DICI\Debug\Obj\stm8l15x_usart.o
#        C:\工作\地磁\STM8L051F3_DICI\Debug\Obj\uart1.o --redirect
#        _Printf=_PrintfFullNoMb --redirect _Scanf=_ScanfFullNoMb -o
#        C:\工作\地磁\STM8L051F3_DICI\Debug\Exe\STM8L051F3.out --map
#        C:\工作\地磁\STM8L051F3_DICI\Debug\List\STM8L051F3.map --config
#        "C:\Program Files (x86)\IAR Systems\Embedded Workbench
#        8.0\stm8\config\lnkstm8l051f3.icf" --config_def _CSTACK_SIZE=0x100
#        --config_def _HEAP_SIZE=0x100 --entry __iar_program_start --debug_lib)
#
###############################################################################

*******************************************************************************
*** RUNTIME MODEL ATTRIBUTES
***

__SystemLibrary            = DLib
__code_model               = small
__core                     = stm8
__data_model               = medium
__dlib_file_descriptor     = 0
__dlib_full_locale_support = 0
__rt_version               = 4


*******************************************************************************
*** PLACEMENT SUMMARY
***

"A0":  place at start of [0x000000-0x0000ff] { rw section .vregs };
"A1":  place at end of [0x000000-0x0003ff] { block CSTACK };
"P2":  place in [from 0x000000 to 0x0003ff] {
          block HEAP, rw section __DLIB_PERTHREAD, rw section .far.bss,
          rw section .far.data, rw section .far.noinit,
          rw section .far_func.textrw, rw section .huge.bss,
          rw section .huge.data, rw section .huge.noinit,
          rw section .huge_func.textrw, rw section .iar.dynexit,
          rw section .near.bss, rw section .near.data, rw section .near.noinit,
          rw section .near_func.textrw };
"A2":  place at start of [0x008000-0x009fff] { block INTVEC };
"P3":  place in [from 0x008000 to 0x009fff] {
          ro section __DLIB_PERTHREAD_init, ro section .far.data_init,
          ro section .far_func.textrw_init, ro section .huge.data_init,
          ro section .huge_func.textrw_init, ro section .iar.init_table,
          ro section .init_array, ro section .near.data_init,
          ro section .near.rodata, ro section .near_func.text,
          ro section .near_func.textrw_init, ro section .tiny.data_init,
          ro section .tiny.rodata_init };
"P4":  place in [from 0x008000 to 0x009fff] {
          ro section .far.rodata, ro section .far_func.text };
"P5":  place in [from 0x008000 to 0x009fff] {
          ro section .huge.rodata, ro section .huge_func.text };
do not initialize {
   rw section .eeprom.noinit, rw section .far.noinit, rw section .huge.noinit,
   rw section .near.noinit, rw section .tiny.noinit, rw section .vregs };

  Section          Kind      Address   Size  Object
  -------          ----      -------   ----  ------
"A0":                                  0x10
  .vregs           uninit   0x000000   0x10  vregs.o [4]
                          - 0x000010   0x10

"P2":                                  0x26
  .near.bss        zero     0x000010   0x20  nb_iot.o [1]
  .near.bss        zero     0x000030    0x2  nb_iot.o [1]
  .near.bss        zero     0x000032    0x1  nb_iot.o [1]
  .near.bss        zero     0x000033    0x1  nb_iot.o [1]
  .near.bss        zero     0x000034    0x1  nb_iot.o [1]
  .near.bss        zero     0x000035    0x1  stm8l15x_it.o [1]
                          - 0x000036   0x26

"A1":                                 0x100
  CSTACK                    0x000300  0x100  <Block>
    CSTACK         uninit   0x000300  0x100  <Block tail>
                          - 0x000400  0x100

"A2":                                  0x80
  INTVEC                    0x008000   0x80  <Block>
    .intvec        const    0x008000   0x80  interrupt.o [4]
                          - 0x008080   0x80

"P3-P5":                              0x971
  .near_func.text  ro code  0x008080   0xca  stm8l15x_usart.o [1]
  .near_func.text  ro code  0x00814a   0xb8  vreg_util.o [4]
  .near_func.text  ro code  0x008202   0x94  stm8l15x_usart.o [1]
  .near_func.text  ro code  0x008296   0x8e  stm8l15x_gpio.o [1]
  .near_func.text  ro code  0x008324   0x8e  stm8l15x_it.o [1]
  .near_func.text  ro code  0x0083b2   0x8d  uart1.o [1]
  .near_func.text  ro code  0x00843f   0x89  stm8l15x_clk.o [1]
  .near_func.text  ro code  0x0084c8   0x72  stm8l15x_clk.o [1]
  .near_func.text  ro code  0x00853a   0x6d  long.o [4]
  .near_func.text  ro code  0x0085a7   0x5f  nb_iot.o [1]
  .near_func.text  ro code  0x008606   0x55  stm8l15x_syscfg.o [1]
  .near_func.text  ro code  0x00865b   0x50  dici.o [1]
  .near_func.text  ro code  0x0086ab   0x50  stm8l15x_usart.o [1]
  .near_func.text  ro code  0x0086fb   0x47  nb_iot.o [1]
  .near_func.text  ro code  0x008742   0x37  uart1.o [1]
  .near_func.text  ro code  0x008779   0x35  strncmp.o [4]
  .near_func.text  ro code  0x0087ae   0x2c  stm8l15x_gpio.o [1]
  .near_func.text  ro code  0x0087da   0x27  stm8l15x_usart.o [1]
  .near_func.text  ro code  0x008801   0x27  stm8l15x_usart.o [1]
  .near_func.text  ro code  0x008828   0x23  nb_iot.o [1]
  .near_func.text  ro code  0x00884b   0x22  stm8l15x_usart.o [1]
  .iar.init_table  const    0x00886d    0x8  - Linker created -
  .near_func.text  ro code  0x008875   0x1f  memcpy.o [4]
  .near.rodata     const    0x008894   0x1e  nb_iot.o [1]
  .near_func.text  ro code  0x0088b2   0x1e  init_small.o [4]
  .near_func.text  ro code  0x0088d0   0x1c  long_util.o [4]
  .near.rodata     const    0x0088ec   0x15  nb_iot.o [1]
  .near_func.text  ro code  0x008901   0x15  main.o [1]
  .near_func.text  ro code  0x008916   0x14  delay.o [1]
  .near_func.text  ro code  0x00892a   0x14  init.o [4]
  .near_func.text  ro code  0x00893e   0x14  __dbg_xxexit.o [3]
  .near_func.text  ro code  0x008952   0x13  cstartup.o [4]
  .near.rodata     const    0x008965    0xd  nb_iot.o [1]
  .near_func.text  ro code  0x008972    0xd  short.o [4]
  .near.rodata     const    0x00897f    0xc  nb_iot.o [1]
  .near.rodata     const    0x00898b    0x9  nb_iot.o [1]
  .near.rodata     const    0x008994    0x8  nb_iot.o [1]
  .near_func.text  ro code  0x00899c    0x7  stm8l15x_gpio.o [1]
  .near_func.text  ro code  0x0089a3    0x7  stm8l15x_gpio.o [1]
  .near.rodata     const    0x0089aa    0x5  stm8l15x_clk.o [1]
  .near_func.text  ro code  0x0089af    0x5  stm8l15x_usart.o [1]
  .near_func.text  ro code  0x0089b4    0x5  cexit.o [4]
  .near_func.text  ro code  0x0089b9    0x4  stm8l15x_clk.o [1]
  .near_func.text  ro code  0x0089bd    0x4  stm8l15x_gpio.o [1]
  .near_func.text  ro code  0x0089c1    0x3  stm8l15x_usart.o [1]
  .near_func.text  ro code  0x0089c4    0x3  stm8l15x_usart.o [1]
  .near_func.text  ro code  0x0089c7    0x3  interrupt.o [4]
  .near_func.text  ro code  0x0089ca    0x3  low_level_init.o [4]
  .near_func.text  ro code  0x0089cd    0x3  exit.o [4]
  .near_func.text  ro code  0x0089d0    0x3  unhandled_exception.o [4]
  .near_func.text  ro code  0x0089d3    0x1  stm8l15x_it.o [1]
  .near_func.text  ro code  0x0089d4    0x1  stm8l15x_it.o [1]
  .near_func.text  ro code  0x0089d5    0x1  stm8l15x_it.o [1]
  .near_func.text  ro code  0x0089d6    0x1  stm8l15x_it.o [1]
  .near_func.text  ro code  0x0089d7    0x1  stm8l15x_it.o [1]
  .near_func.text  ro code  0x0089d8    0x1  stm8l15x_it.o [1]
  .near_func.text  ro code  0x0089d9    0x1  stm8l15x_it.o [1]
  .near_func.text  ro code  0x0089da    0x1  stm8l15x_it.o [1]
  .near_func.text  ro code  0x0089db    0x1  stm8l15x_it.o [1]
  .near_func.text  ro code  0x0089dc    0x1  stm8l15x_it.o [1]
  .near_func.text  ro code  0x0089dd    0x1  stm8l15x_it.o [1]
  .near_func.text  ro code  0x0089de    0x1  stm8l15x_it.o [1]
  .near_func.text  ro code  0x0089df    0x1  stm8l15x_it.o [1]
  .near_func.text  ro code  0x0089e0    0x1  stm8l15x_it.o [1]
  .near_func.text  ro code  0x0089e1    0x1  stm8l15x_it.o [1]
  .near_func.text  ro code  0x0089e2    0x1  stm8l15x_it.o [1]
  .near_func.text  ro code  0x0089e3    0x1  stm8l15x_it.o [1]
  .near_func.text  ro code  0x0089e4    0x1  stm8l15x_it.o [1]
  .near_func.text  ro code  0x0089e5    0x1  stm8l15x_it.o [1]
  .near_func.text  ro code  0x0089e6    0x1  stm8l15x_it.o [1]
  .near_func.text  ro code  0x0089e7    0x1  stm8l15x_it.o [1]
  .near_func.text  ro code  0x0089e8    0x1  stm8l15x_it.o [1]
  .near_func.text  ro code  0x0089e9    0x1  stm8l15x_it.o [1]
  .near_func.text  ro code  0x0089ea    0x1  stm8l15x_it.o [1]
  .near_func.text  ro code  0x0089eb    0x1  stm8l15x_it.o [1]
  .near_func.text  ro code  0x0089ec    0x1  stm8l15x_it.o [1]
  .near_func.text  ro code  0x0089ed    0x1  stm8l15x_it.o [1]
  .near_func.text  ro code  0x0089ee    0x1  stm8l15x_it.o [1]
  .near_func.text  ro code  0x0089ef    0x1  stm8l15x_it.o [1]
  .near_func.text  ro code  0x0089f0    0x1  __dbg_break.o [3]
                          - 0x0089f1  0x971


*******************************************************************************
*** INIT TABLE
***

          Address   Size
          -------   ----
Zero (__iar_zero_init2)
    1 destination range, total size 0x26:
          0x000010  0x26



*******************************************************************************
*** MODULE SUMMARY
***

    Module                 ro code  ro data  rw data
    ------                 -------  -------  -------
C:\工作\地磁\STM8L051F3_DICI\Debug\Obj: [1]
    delay.o                     20
    dici.o                      80
    main.o                      21
    nb_iot.o                   201       93       37
    stm8l15x_clk.o             255        5
    stm8l15x_gpio.o            204
    stm8l15x_it.o              171                 1
    stm8l15x_syscfg.o           85
    stm8l15x_usart.o           553
    uart1.o                    196
    ------------------------------------------------
    Total:                   1 786       98       38

command line: [2]
    ------------------------------------------------
    Total:

dbgstm8smd.a: [3]
    __dbg_break.o                1
    __dbg_xxexit.o              20
    ------------------------------------------------
    Total:                      21

dlstm8smn.a: [4]
    cexit.o                      5
    cstartup.o                  19
    exit.o                       3
    init.o                      20
    init_small.o                30
    interrupt.o                  3      128
    long.o                     109
    long_util.o                 28
    low_level_init.o             3
    memcpy.o                    31
    short.o                     13
    strncmp.o                   53
    unhandled_exception.o        3
    vreg_util.o                184
    vregs.o                                       16
    ------------------------------------------------
    Total:                     504      128       16

    Linker created                        8      256
----------------------------------------------------
    Grand Total:             2 311      234      310


*******************************************************************************
*** ENTRY LIST
***

Entry                    Address  Size  Type      Object
-----                    -------  ----  ----      ------
.iar.init_table$$Base   0x00886d         --   Gb  - Linker created -
.iar.init_table$$Limit  0x008875         --   Gb  - Linker created -
?b0                     0x000000        Data  Gb  vregs.o [4]
?b1                     0x000001        Data  Gb  vregs.o [4]
?b10                    0x00000a        Data  Gb  vregs.o [4]
?b11                    0x00000b        Data  Gb  vregs.o [4]
?b12                    0x00000c        Data  Gb  vregs.o [4]
?b13                    0x00000d        Data  Gb  vregs.o [4]
?b14                    0x00000e        Data  Gb  vregs.o [4]
?b15                    0x00000f        Data  Gb  vregs.o [4]
?b2                     0x000002        Data  Gb  vregs.o [4]
?b3                     0x000003        Data  Gb  vregs.o [4]
?b4                     0x000004        Data  Gb  vregs.o [4]
?b5                     0x000005        Data  Gb  vregs.o [4]
?b6                     0x000006        Data  Gb  vregs.o [4]
?b7                     0x000007        Data  Gb  vregs.o [4]
?b8                     0x000008        Data  Gb  vregs.o [4]
?b9                     0x000009        Data  Gb  vregs.o [4]
?e0                     0x000001        Data  Gb  vregs.o [4]
?e1                     0x000005        Data  Gb  vregs.o [4]
?e2                     0x000009        Data  Gb  vregs.o [4]
?e3                     0x00000d        Data  Gb  vregs.o [4]
?epilogue_l2            0x0081d9        Code  Gb  vreg_util.o [4]
?epilogue_l2_l3         0x0081d6        Code  Gb  vreg_util.o [4]
?epilogue_w4            0x0081dd        Code  Gb  vreg_util.o [4]
?l0                     0x000000        Data  Gb  vregs.o [4]
?l1                     0x000004        Data  Gb  vregs.o [4]
?l2                     0x000008        Data  Gb  vregs.o [4]
?l3                     0x00000c        Data  Gb  vregs.o [4]
?load32_l1_0x           0x0088e0        Code  Gb  long_util.o [4]
?load32_l1_asp          0x0088d5        Code  Gb  long_util.o [4]
?load32_l1_dbsp         0x0088d0        Code  Gb  long_util.o [4]
?load32_l1_xsp          0x0088d7        Code  Gb  long_util.o [4]
?mov_e0_e2              0x0081eb        Code  Gb  vreg_util.o [4]
?mov_e3_e0              0x0081f8        Code  Gb  vreg_util.o [4]
?mov_l0_l2              0x0081e8        Code  Gb  vreg_util.o [4]
?mov_l3_l0              0x0081f5        Code  Gb  vreg_util.o [4]
?mov_w1_w5              0x0081ee        Code  Gb  vreg_util.o [4]
?mov_w2_w1              0x0081e1        Code  Gb  vreg_util.o [4]
?mov_w7_w1              0x0081fb        Code  Gb  vreg_util.o [4]
?pop_l0                 0x0081a2        Code  Gb  vreg_util.o [4]
?pop_l1                 0x0081ad        Code  Gb  vreg_util.o [4]
?pop_l2                 0x0081b8        Code  Gb  vreg_util.o [4]
?pop_l3                 0x0081c3        Code  Gb  vreg_util.o [4]
?pop_w4                 0x008162        Code  Gb  vreg_util.o [4]
?push_l0                0x008171        Code  Gb  vreg_util.o [4]
?push_l1                0x008176        Code  Gb  vreg_util.o [4]
?push_l2                0x00817b        Code  Gb  vreg_util.o [4]
?push_l3                0x008180        Code  Gb  vreg_util.o [4]
?push_w4                0x00814a        Code  Gb  vreg_util.o [4]
?sll16_x_x_a            0x008972        Code  Gb  short.o [4]
?srl16_x_x_4            0x00897a        Code  Gb  short.o [4]
?udiv32_l0_l0_l1        0x00853a        Code  Gb  long.o [4]
?umod32_l1_l0_l1        0x00853a        Code  Gb  long.o [4]
?w0                     0x000000        Data  Gb  vregs.o [4]
?w1                     0x000002        Data  Gb  vregs.o [4]
?w2                     0x000004        Data  Gb  vregs.o [4]
?w3                     0x000006        Data  Gb  vregs.o [4]
?w4                     0x000008        Data  Gb  vregs.o [4]
?w5                     0x00000a        Data  Gb  vregs.o [4]
?w6                     0x00000c        Data  Gb  vregs.o [4]
?w7                     0x00000e        Data  Gb  vregs.o [4]
ADC1_COMP_IRQHandler    0x0089e5   0x1  Code  Gb  stm8l15x_it.o [1]
CLK_GetClockFreq        0x0084c8  0x72  Code  Gb  stm8l15x_clk.o [1]
CLK_PeripheralClockConfig
                        0x00843f  0x89  Code  Gb  stm8l15x_clk.o [1]
CLK_SYSCLKDivConfig     0x0089b9   0x4  Code  Gb  stm8l15x_clk.o [1]
CSTACK$$Base            0x000300         --   Gb  - Linker created -
CSTACK$$Limit           0x000400         --   Gb  - Linker created -
DMA1_CHANNEL0_1_IRQHandler
                        0x0089d5   0x1  Code  Gb  stm8l15x_it.o [1]
DMA1_CHANNEL2_3_IRQHandler
                        0x0089d6   0x1  Code  Gb  stm8l15x_it.o [1]
EXTI0_IRQHandler        0x0089db   0x1  Code  Gb  stm8l15x_it.o [1]
EXTI1_IRQHandler        0x0089dc   0x1  Code  Gb  stm8l15x_it.o [1]
EXTI2_IRQHandler        0x0089dd   0x1  Code  Gb  stm8l15x_it.o [1]
EXTI3_IRQHandler        0x0089de   0x1  Code  Gb  stm8l15x_it.o [1]
EXTI4_IRQHandler        0x0089df   0x1  Code  Gb  stm8l15x_it.o [1]
EXTI5_IRQHandler        0x0089e0   0x1  Code  Gb  stm8l15x_it.o [1]
EXTI6_IRQHandler        0x0089e1   0x1  Code  Gb  stm8l15x_it.o [1]
EXTI7_IRQHandler        0x0089e2   0x1  Code  Gb  stm8l15x_it.o [1]
EXTIB_G_IRQHandler      0x0089d9   0x1  Code  Gb  stm8l15x_it.o [1]
EXTID_H_IRQHandler      0x0089da   0x1  Code  Gb  stm8l15x_it.o [1]
EXTIE_F_PVD_IRQHandler  0x0089d8   0x1  Code  Gb  stm8l15x_it.o [1]
FLASH_IRQHandler        0x0089d4   0x1  Code  Gb  stm8l15x_it.o [1]
GPIO_ExternalPullUpConfig
                        0x0087ae  0x2c  Code  Gb  stm8l15x_gpio.o [1]
GPIO_Init               0x008296  0x8e  Code  Gb  stm8l15x_gpio.o [1]
GPIO_ReadInputDataBit   0x0089a3   0x7  Code  Gb  stm8l15x_gpio.o [1]
GPIO_ResetBits          0x0089bd   0x4  Code  Gb  stm8l15x_gpio.o [1]
GPIO_SetBits            0x00899c   0x7  Code  Gb  stm8l15x_gpio.o [1]
I2C1_SPI2_IRQHandler    0x0089ef   0x1  Code  Gb  stm8l15x_it.o [1]
INTVEC$$Base            0x008000         --   Gb  - Linker created -
INTVEC$$Limit           0x008080         --   Gb  - Linker created -
LCD_AES_IRQHandler      0x0089e3   0x1  Code  Gb  stm8l15x_it.o [1]
RTC_CSSLSE_IRQHandler   0x0089d7   0x1  Code  Gb  stm8l15x_it.o [1]
Region$$Table$$Base     0x00886d         --   Gb  - Linker created -
Region$$Table$$Limit    0x008875         --   Gb  - Linker created -
SPI1_IRQHandler         0x0089ed   0x1  Code  Gb  stm8l15x_it.o [1]
SWITCH_CSS_BREAK_DAC_IRQHandler
                        0x0089e4   0x1  Code  Gb  stm8l15x_it.o [1]
SYSCFG_REMAPPinConfig   0x008606  0x55  Code  Gb  stm8l15x_syscfg.o [1]
SYSDivFactor            0x0089aa   0x5  Data  Gb  stm8l15x_clk.o [1]
TIM1_CC_IRQHandler      0x0089eb   0x1  Code  Gb  stm8l15x_it.o [1]
TIM1_UPD_OVF_TRG_COM_IRQHandler
                        0x0089ea   0x1  Code  Gb  stm8l15x_it.o [1]
TIM2_CC_USART2_RX_IRQHandler
                        0x0089e7   0x1  Code  Gb  stm8l15x_it.o [1]
TIM2_UPD_OVF_TRG_BRK_USART2_TX_IRQHandler
                        0x0089e6   0x1  Code  Gb  stm8l15x_it.o [1]
TIM3_CC_USART3_RX_IRQHandler
                        0x0089e9   0x1  Code  Gb  stm8l15x_it.o [1]
TIM3_UPD_OVF_TRG_BRK_USART3_TX_IRQHandler
                        0x0089e8   0x1  Code  Gb  stm8l15x_it.o [1]
TIM4_UPD_OVF_TRG_IRQHandler
                        0x0089ec   0x1  Code  Gb  stm8l15x_it.o [1]
TRAP_IRQHandler         0x0089d3   0x1  Code  Gb  stm8l15x_it.o [1]
UART1_Init              0x0083b2  0x8d  Code  Gb  uart1.o [1]
UART1_Send              0x008742  0x37  Code  Gb  uart1.o [1]
USART1_RX_TIM5_CC_IRQHandler
                        0x008324  0x8e  Code  Gb  stm8l15x_it.o [1]
USART1_RX_TIM5_CC_IRQHandler::flag
                        0x000035   0x1  Data  Lc  stm8l15x_it.o [1]
USART1_TX_TIM5_UPD_OVF_TRG_BRK_IRQHandler
                        0x0089ee   0x1  Code  Gb  stm8l15x_it.o [1]
USART_ClearITPendingBit
                        0x0089af   0x5  Code  Gb  stm8l15x_usart.o [1]
USART_ClockInit         0x0086ab  0x50  Code  Gb  stm8l15x_usart.o [1]
USART_Cmd               0x008801  0x27  Code  Gb  stm8l15x_usart.o [1]
USART_DeInit            0x0087da  0x27  Code  Gb  stm8l15x_usart.o [1]
USART_GetFlagStatus     0x00884b  0x22  Code  Gb  stm8l15x_usart.o [1]
USART_ITConfig          0x008202  0x94  Code  Gb  stm8l15x_usart.o [1]
USART_Init              0x008080  0xca  Code  Gb  stm8l15x_usart.o [1]
USART_ReceiveData8      0x0089c1   0x3  Code  Gb  stm8l15x_usart.o [1]
USART_SendData8         0x0089c4   0x3  Code  Gb  stm8l15x_usart.o [1]
__DebugBreak            0x0089f0   0x1  Code  Gb  __dbg_break.o [3]
__exit                  0x00893e  0x14  Code  Gb  __dbg_xxexit.o [3]
__iar_data_init2        0x00892a  0x14  Code  Gb  init.o [4]
__iar_program_start     0x008952        Code  Gb  cstartup.o [4]
__iar_unhandled_exception
                        0x0089d0        Code  Gb  unhandled_exception.o [4]
__iar_zero_init2        0x0088b2        Code  Gb  init_small.o [4]
__intvec                0x008000        Data  Gb  interrupt.o [4]
__low_level_init        0x0089ca   0x3  Code  Gb  low_level_init.o [4]
_exit                   0x0089b4        Code  Gb  cexit.o [4]
_interrupt_1            0x0089d3        Code  Gb  stm8l15x_it.o [1]
_interrupt_10           0x0089db        Code  Gb  stm8l15x_it.o [1]
_interrupt_11           0x0089dc        Code  Gb  stm8l15x_it.o [1]
_interrupt_12           0x0089dd        Code  Gb  stm8l15x_it.o [1]
_interrupt_13           0x0089de        Code  Gb  stm8l15x_it.o [1]
_interrupt_14           0x0089df        Code  Gb  stm8l15x_it.o [1]
_interrupt_15           0x0089e0        Code  Gb  stm8l15x_it.o [1]
_interrupt_16           0x0089e1        Code  Gb  stm8l15x_it.o [1]
_interrupt_17           0x0089e2        Code  Gb  stm8l15x_it.o [1]
_interrupt_18           0x0089e3        Code  Gb  stm8l15x_it.o [1]
_interrupt_19           0x0089e4        Code  Gb  stm8l15x_it.o [1]
_interrupt_20           0x0089e5        Code  Gb  stm8l15x_it.o [1]
_interrupt_21           0x0089e6        Code  Gb  stm8l15x_it.o [1]
_interrupt_22           0x0089e7        Code  Gb  stm8l15x_it.o [1]
_interrupt_23           0x0089e8        Code  Gb  stm8l15x_it.o [1]
_interrupt_24           0x0089e9        Code  Gb  stm8l15x_it.o [1]
_interrupt_25           0x0089ea        Code  Gb  stm8l15x_it.o [1]
_interrupt_26           0x0089eb        Code  Gb  stm8l15x_it.o [1]
_interrupt_27           0x0089ec        Code  Gb  stm8l15x_it.o [1]
_interrupt_28           0x0089ed        Code  Gb  stm8l15x_it.o [1]
_interrupt_29           0x0089ee        Code  Gb  stm8l15x_it.o [1]
_interrupt_3            0x0089d4        Code  Gb  stm8l15x_it.o [1]
_interrupt_30           0x008324        Code  Gb  stm8l15x_it.o [1]
_interrupt_31           0x0089ef        Code  Gb  stm8l15x_it.o [1]
_interrupt_4            0x0089d5        Code  Gb  stm8l15x_it.o [1]
_interrupt_5            0x0089d6        Code  Gb  stm8l15x_it.o [1]
_interrupt_6            0x0089d7        Code  Gb  stm8l15x_it.o [1]
_interrupt_7            0x0089d8        Code  Gb  stm8l15x_it.o [1]
_interrupt_8            0x0089d9        Code  Gb  stm8l15x_it.o [1]
_interrupt_9            0x0089da        Code  Gb  stm8l15x_it.o [1]
delay_ms                0x008916  0x14  Code  Gb  delay.o [1]
dici_init               0x00865b  0x50  Code  Gb  dici.o [1]
exit                    0x0089cd   0x3  Code  Gb  exit.o [4]
main                    0x008901  0x15  Code  Gb  main.o [1]
memcpy                  0x008875  0x1f  Code  Gb  memcpy.o [4]
nb_iot_recv             0x008828  0x23  Code  Gb  nb_iot.o [1]
nb_iot_register         0x0086fb  0x47  Code  Gb  nb_iot.o [1]
nb_iot_send             0x0085a7  0x5f  Code  Gb  nb_iot.o [1]
nb_iot_send::time_count
                        0x000030   0x2  Data  Lc  nb_iot.o [1]
recv_data               0x000010  0x20  Data  Gb  nb_iot.o [1]
recv_len                0x000032   0x1  Data  Gb  nb_iot.o [1]
recv_over               0x000033   0x1  Data  Gb  nb_iot.o [1]
reset_flag              0x000034   0x1  Data  Gb  nb_iot.o [1]
strncmp                 0x008779  0x35  Code  Gb  strncmp.o [4]


[1] = C:\工作\地磁\STM8L051F3_DICI\Debug\Obj
[2] = command line
[3] = dbgstm8smd.a
[4] = dlstm8smn.a

  2 311 bytes of readonly  code memory
    234 bytes of readonly  data memory
    310 bytes of readwrite data memory

Errors: none
Warnings: none
